<?xml version="1.0" encoding="utf-8"?><testsuites name="pytest tests"><testsuite name="pytest" errors="0" failures="0" skipped="0" tests="3" time="0.039" timestamp="2025-09-19T10:19:14.366765+02:00" hostname="tufjc-ASUS-TUF-Gaming-A16-FA607PI-TUF607PI"><testcase classname="src.tests.api.test_api.TestApi" name="test_sum_positive_integers" file="src/tests/api/test_api.py" line="8" time="0.001" /><testcase classname="src.tests.api.test_api.TestApi" name="test_sum_negative_integers" file="src/tests/api/test_api.py" line="13" time="0.000" /><testcase classname="src.tests.api.test_api.TestApi" name="test_sum_large_numbers" file="src/tests/api/test_api.py" line="18" time="0.000" /></testsuite></testsuites>
